// Jest Snapshot v1, https://goo.gl/fbAQLP

exports[`Chart renders Overview component 1`] = `
<div
  class="chart-wrapper"
>
  <h2
    class="title"
  >
    Daily Data
  </h2>
  <div
    class="button-container"
  >
    <button
      class="button button-active"
    >
      Area Chart
    </button>
    <button
      class="button "
    >
      Candle Chart
    </button>
  </div>
  <div
    class="chart-container"
  >
    <svg
      viewBox="0 0 1600 800"
    >
      <g
        transform="translate(10,100)"
      />
      <g
        fill="none"
        font-family="sans-serif"
        font-size="10"
        text-anchor="middle"
        transform="translate(0,690)"
      >
        <path
          class="domain"
          d="M0.5,6V0.5H1530.5V6"
          stroke="currentColor"
        />
      </g>
      <g
        fill="none"
        font-family="sans-serif"
        font-size="10"
        text-anchor="start"
        transform="translate(1530,0)"
      >
        <path
          class="domain"
          d="M6,690.5H0.5V0.5H6"
          stroke="currentColor"
        />
      </g>
      <path
        class="area"
        d="MNaN,NaNLNaN,NaNLNaN,690LNaN,690Z"
        style="fill: #007bff; opacity: 0.5;"
      />
      <path
        class="line"
        d="MNaN,NaNLNaN,NaN"
        fill="none"
        stroke="#007bff"
        stroke-width="1"
      />
      <circle
        fill="red"
        opacity="0.7"
        r="0"
        style="stroke: white; pointer-events: none;"
      />
      <line
        class="crosshair-x"
        id="crosshair-x"
        stroke="gray"
        stroke-dasharray="3,3"
      />
      <line
        class="crosshair-y"
        id="crosshair-y"
        stroke="gray"
        stroke-dasharray="3,3"
      />
      <rect
        class="background-area-rect"
        height="690"
        width="1530"
      />
    </svg>
    <div
      class="tooltip"
    />
    <div
      class="tooltip"
    />
  </div>
</div>
`;
