// Jest Snapshot v1, https://goo.gl/fbAQLP

exports[`LoadingSpinner renders KeyValueTable component 1`] = `
<div
  class="spinner-container"
>
  <div
    class="loading-spinner"
    style="border: 4px solid #0073e6; border-top: 4px solid transparent; border-radius: 50%; width: 40px; height: 40px; animation: spin 2s linear infinite;"
  />
</div>
`;
